BL51 BANKED LINKER/LOCATER V6.22.2.0                                                    04/03/2022  10:36:41  PAGE 1


BL51 BANKED LINKER/LOCATER V6.22.2.0, INVOKED BY:
D:\KEIL5B\C51\BIN\BL51.EXE .\Objects\tet.obj TO .\Objects\test1 PRINT (.\Listings\test1.m51) RAMSIZE (256)


MEMORY MODEL: SMALL


INPUT MODULES INCLUDED:
  .\Objects\tet.obj (TET)
  D:\KEIL5B\C51\LIB\C51S.LIB (?C_STARTUP)


LINK MAP OF MODULE:  .\Objects\test1 (TET)


            TYPE    BASE      LENGTH    RELOCATION   SEGMENT NAME
            -----------------------------------------------------

            * * * * * * *   D A T A   M E M O R Y   * * * * * * *
            REG     0000H     0008H     ABSOLUTE     "REG BANK 0"
            IDATA   0008H     0001H     UNIT         ?STACK

            * * * * * * *   C O D E   M E M O R Y   * * * * * * *
            CODE    0000H     0003H     ABSOLUTE     
            CODE    0003H     0003H     ABSOLUTE     
            CODE    0006H     000DH     UNIT         ?PR?DELAY?TET
            CODE    0013H     0003H     ABSOLUTE     
            CODE    0016H     003AH     UNIT         ?PR?MAIN?TET
            CODE    0050H     001AH     UNIT         ?PR?INTER1?TET
            CODE    006AH     001AH     UNIT         ?PR?INTER?TET
            CODE    0084H     000CH     UNIT         ?C_C51STARTUP



OVERLAY MAP OF MODULE:   .\Objects\test1 (TET)


SEGMENT
  +--> CALLED SEGMENT
---------------------
?PR?INTER1?TET
  +--> ?PR?DELAY?TET

*** NEW ROOT ***************************************************

?PR?INTER?TET
  +--> ?PR?DELAY?TET

*** NEW ROOT ***************************************************

?C_C51STARTUP
  +--> ?PR?MAIN?TET

?PR?MAIN?TET
  +--> ?PR?DELAY?TET



BL51 BANKED LINKER/LOCATER V6.22.2.0                                                  04/03/2022  10:36:41  PAGE 2


SYMBOL TABLE OF MODULE:  .\Objects\test1 (TET)

  VALUE           TYPE          NAME
  ----------------------------------

  -------         MODULE        TET
  C:0000H         SYMBOL        _ICE_DUMMY_
  D:0090H         PUBLIC        P1
  D:00A0H         PUBLIC        P2
  D:00B0H         PUBLIC        P3
  B:00A8H.7       PUBLIC        EA
  D:00A8H         PUBLIC        IE
  C:0006H         PUBLIC        delay
  B:00B0H.2       PUBLIC        P3_2
  D:00B8H         PUBLIC        IP
  C:006AH         PUBLIC        inter
  C:0016H         PUBLIC        main
  D:0098H         PUBLIC        SCON
  D:0088H         PUBLIC        TCON
  B:00A8H.0       PUBLIC        EX0
  B:0088H.0       PUBLIC        IT0
  B:00A8H.2       PUBLIC        EX1
  B:0088H.2       PUBLIC        IT1
  C:0050H         PUBLIC        inter1
  D:00C8H         PUBLIC        T2CON
  D:00D0H         PUBLIC        PSW
  -------         PROC          DELAY
  -------         DO            
  D:0005H         SYMBOL        a
  D:0006H         SYMBOL        b
  D:0007H         SYMBOL        c
  -------         ENDDO         
  C:0006H         LINE#         5
  C:0006H         LINE#         6
  C:0006H         LINE#         8
  C:0008H         LINE#         9
  C:000AH         LINE#         10
  C:0012H         LINE#         11
  -------         ENDPROC       DELAY
  -------         PROC          MAIN
  C:0016H         LINE#         12
  C:0016H         LINE#         13
  C:0018H         LINE#         14
  C:001AH         LINE#         15
  C:001CH         LINE#         16
  C:001EH         LINE#         17
  C:0020H         LINE#         18
  C:0023H         LINE#         19
  C:0026H         LINE#         20
  C:0029H         LINE#         21
  C:002CH         LINE#         22
  C:002FH         LINE#         23
  C:0032H         LINE#         24
  C:0035H         LINE#         25
  C:0038H         LINE#         26
  C:003BH         LINE#         27
  C:003EH         LINE#         28
BL51 BANKED LINKER/LOCATER V6.22.2.0                                                  04/03/2022  10:36:41  PAGE 3


  C:0041H         LINE#         29
  C:0044H         LINE#         30
  C:0047H         LINE#         31
  C:004AH         LINE#         32
  C:004DH         LINE#         33
  -------         ENDPROC       MAIN
  -------         PROC          INTER1
  C:0050H         LINE#         35
  C:005BH         LINE#         36
  C:005EH         LINE#         37
  C:0061H         LINE#         39
  -------         ENDPROC       INTER1
  -------         PROC          INTER
  C:006AH         LINE#         40
  C:0075H         LINE#         41
  C:0078H         LINE#         42
  C:0078H         LINE#         43
  C:007BH         LINE#         44
  C:007BH         LINE#         45
  C:007BH         LINE#         46
  C:007BH         LINE#         47
  -------         ENDPROC       INTER
  -------         ENDMOD        TET

Program Size: data=9.0 xdata=0 code=144
LINK/LOCATE RUN COMPLETE.  0 WARNING(S),  0 ERROR(S)
