BL51 BANKED LINKER/LOCATER V6.22.2.0                                                    10/17/2021  12:03:14  PAGE 1


BL51 BANKED LINKER/LOCATER V6.22.2.0, INVOKED BY:
D:\KEIL5\C51\BIN\BL51.EXE test.obj TO test RAMSIZE (256)


MEMORY MODEL: SMALL


INPUT MODULES INCLUDED:
  test.obj (TEST)
  D:\KEIL5\C51\LIB\C51S.LIB (?C_STARTUP)


LINK MAP OF MODULE:  test (TEST)


            TYPE    BASE      LENGTH    RELOCATION   SEGMENT NAME
            -----------------------------------------------------

            * * * * * * *   D A T A   M E M O R Y   * * * * * * *
            REG     0000H     0008H     ABSOLUTE     "REG BANK 0"
            DATA    0008H     0002H     UNIT         _DATA_GROUP_
            IDATA   000AH     0001H     UNIT         ?STACK

            * * * * * * *   C O D E   M E M O R Y   * * * * * * *
            CODE    0000H     0003H     ABSOLUTE     
            CODE    0003H     0031H     UNIT         ?PR?MAIN?TEST
            CODE    0034H     0012H     UNIT         ?PR?DELAY5?TEST
            CODE    0046H     000DH     UNIT         ?PR?DELAY15?TEST
            CODE    0053H     000CH     UNIT         ?PR?READ?TEST
            CODE    005FH     000CH     UNIT         ?PR?READ2?TEST
            CODE    006BH     000CH     UNIT         ?C_C51STARTUP
            CODE    0077H     000AH     UNIT         ?PR?_WRITE?TEST
            CODE    0081H     0008H     UNIT         ?PR?_COMMAND?TEST
            CODE    0089H     0007H     UNIT         ?PR?INIT?TEST



OVERLAY MAP OF MODULE:   test (TEST)


SEGMENT                          DATA_GROUP 
  +--> CALLED SEGMENT          START    LENGTH
----------------------------------------------
?C_C51STARTUP                  -----    -----
  +--> ?PR?MAIN?TEST

?PR?MAIN?TEST                  0008H    0002H
  +--> ?PR?INIT?TEST
  +--> ?PR?DELAY15?TEST
  +--> ?PR?READ?TEST
  +--> ?PR?_COMMAND?TEST
  +--> ?PR?DELAY5?TEST
  +--> ?PR?READ2?TEST
  +--> ?PR?_WRITE?TEST

?PR?READ?TEST                  -----    -----
  +--> ?PR?DELAY15?TEST
  +--> ?PR?INIT?TEST
BL51 BANKED LINKER/LOCATER V6.22.2.0                                                  10/17/2021  12:03:14  PAGE 2



?PR?_COMMAND?TEST              -----    -----
  +--> ?PR?DELAY5?TEST

?PR?READ2?TEST                 -----    -----
  +--> ?PR?DELAY15?TEST
  +--> ?PR?INIT?TEST

?PR?_WRITE?TEST                -----    -----
  +--> ?PR?DELAY5?TEST



SYMBOL TABLE OF MODULE:  test (TEST)

  VALUE           TYPE          NAME
  ----------------------------------

  -------         MODULE        TEST
  C:0000H         SYMBOL        _ICE_DUMMY_
  D:0080H         PUBLIC        P0
  D:00A0H         PUBLIC        P2
  C:0077H         PUBLIC        _Write
  B:00A0H.2       PUBLIC        EN
  B:00A0H.0       PUBLIC        RS
  C:0003H         PUBLIC        main
  B:00A0H.1       PUBLIC        RW
  C:005FH         PUBLIC        Read2
  C:0089H         PUBLIC        init
  C:003DH         PUBLIC        delay5
  C:0081H         PUBLIC        _command
  C:0046H         PUBLIC        delay15
  C:0053H         PUBLIC        Read
  -------         PROC          L?0024
  -------         ENDPROC       L?0024
  -------         PROC          DELAY5
  -------         DO            
  D:0006H         SYMBOL        a
  D:0007H         SYMBOL        b
  -------         ENDDO         
  C:003DH         LINE#         5
  C:003DH         LINE#         6
  C:003DH         LINE#         8
  C:003FH         LINE#         9
  C:0045H         LINE#         10
  -------         ENDPROC       DELAY5
  -------         PROC          DELAY15
  -------         DO            
  D:0005H         SYMBOL        a
  D:0006H         SYMBOL        b
  D:0007H         SYMBOL        c
  -------         ENDDO         
  C:0046H         LINE#         11
  C:0046H         LINE#         12
  C:0046H         LINE#         14
  C:0048H         LINE#         15
  C:004AH         LINE#         16
BL51 BANKED LINKER/LOCATER V6.22.2.0                                                  10/17/2021  12:03:14  PAGE 3


  C:0052H         LINE#         17
  -------         ENDPROC       DELAY15
  -------         PROC          INIT
  C:0089H         LINE#         19
  C:0089H         LINE#         20
  C:008BH         LINE#         21
  C:008DH         LINE#         22
  C:008FH         LINE#         23
  -------         ENDPROC       INIT
  -------         PROC          READ
  C:0053H         LINE#         24
  C:0053H         LINE#         25
  C:0055H         LINE#         26
  C:0057H         LINE#         27
  C:0059H         LINE#         28
  C:005CH         LINE#         29
  -------         ENDPROC       READ
  -------         PROC          _COMMAND
  D:0006H         SYMBOL        com
  C:0081H         LINE#         31
  C:0081H         LINE#         32
  C:0083H         LINE#         33
  C:0083H         LINE#         34
  C:0083H         LINE#         35
  C:0083H         LINE#         36
  C:0083H         LINE#         37
  C:0086H         LINE#         38
  C:0088H         LINE#         39
  -------         ENDPROC       _COMMAND
  -------         PROC          READ2
  C:005FH         LINE#         40
  C:005FH         LINE#         41
  C:0061H         LINE#         42
  C:0063H         LINE#         43
  C:0065H         LINE#         44
  C:0068H         LINE#         45
  -------         ENDPROC       READ2
  -------         PROC          _WRITE
  D:0007H         SYMBOL        txt
  C:0077H         LINE#         47
  C:0077H         LINE#         48
  C:0079H         LINE#         49
  C:0079H         LINE#         50
  C:0079H         LINE#         51
  C:0079H         LINE#         52
  C:0079H         LINE#         53
  C:007CH         LINE#         54
  C:007EH         LINE#         55
  C:0080H         LINE#         56
  -------         ENDPROC       _WRITE
  -------         PROC          MAIN
  -------         DO            
  D:0008H         SYMBOL        g
  -------         ENDDO         
  C:0003H         LINE#         57
  C:0003H         LINE#         58
  C:0008H         LINE#         59
BL51 BANKED LINKER/LOCATER V6.22.2.0                                                  10/17/2021  12:03:14  PAGE 4


  C:000BH         LINE#         60
  C:000EH         LINE#         61
  C:0011H         LINE#         62
  C:0017H         LINE#         63
  C:001AH         LINE#         64
  C:0020H         LINE#         65
  C:0023H         LINE#         66
  C:0029H         LINE#         67
  C:002CH         LINE#         68
  C:002FH         LINE#         69
  -------         ENDPROC       MAIN
  -------         ENDMOD        TEST

Program Size: data=11.0 xdata=0 code=144
LINK/LOCATE RUN COMPLETE.  0 WARNING(S),  0 ERROR(S)
