C51 COMPILER V9.57.0.0   ____                                                              11/10/2021 14:32:37 PAGE 1   


C51 COMPILER V9.57.0.0, COMPILATION OF MODULE ____
OBJECT MODULE PLACED IN .\Objects\舵机.obj
COMPILER INVOKED BY: D:\keil5\C51\BIN\C51.EXE 舵机.c OPTIMIZE(8,SPEED) BROWSE INCDIR(..\源文件Soucre) DEBUG OBJECTEXTEND
                    - PRINT(.\Listings\舵机.lst) TABS(2) OBJECT(.\Objects\舵机.obj)

line level    source

   1          #include<reg51.h>
   2          #include<ENGINE.h>
   3          
   4          void delay100us(int k){//延时k*100us
   5   1        T=k;
   6   1        TMOD=0x02;
   7   1        EA=1;
   8   1        ET0=1;
   9   1        TH0=165;//100us要计92.16次
  10   1        TL0=TH0;
  11   1        TR0=1;
  12   1        while(T>0)
  13   1          ;
  14   1      }
  15          void move(int angle)//180度舵机控制程序
  16          {
  17   1        int pwm=0;
  18   1        pwm=5+angle*20/180;
  19   1        M0=1;
  20   1        delay100us(pwm);
  21   1        M0=0;
  22   1        delay100us(200-pwm);
  23   1      }
  24          //void main(void){
  25          //  int h=60;
  26          //  int l=0;
  27          //  M0=0;
  28          //  while(1){
  29          //    for(l=0;l<3;l++){
  30          //   move(h);
  31          //    }
  32          //   h+=20;
  33          ////    move(h);
  34          //    if(h>=180){
  35          //      h=0;
  36          //    }
  37          //  }
  38          //}
  39          
  40            


MODULE INFORMATION:   STATIC OVERLAYABLE
   CODE SIZE        =     73    ----
   CONSTANT SIZE    =   ----    ----
   XDATA SIZE       =   ----    ----
   PDATA SIZE       =   ----    ----
   DATA SIZE        =      4    ----
   IDATA SIZE       =   ----    ----
   BIT SIZE         =   ----    ----
END OF MODULE INFORMATION.


C51 COMPILATION COMPLETE.  0 WARNING(S),  0 ERROR(S)
