C51 COMPILER V9.57.0.0   ____7                                                             12/02/2021 14:54:33 PAGE 1   


C51 COMPILER V9.57.0.0, COMPILATION OF MODULE ____7
OBJECT MODULE PLACED IN แÜุก7.OBJ
COMPILER INVOKED BY: D:\keil5\C51\BIN\C51.EXE แÜุก7.c OPTIMIZE(8,SPEED) BROWSE DEBUG OBJECTEXTEND TABS(2)

line level    source

   1          #include<reg51.h>
   2          #define uchar unsigned char
   3          #define uint unsigned int
   4          sbit RS=P2^3;
   5          sbit RW=P2^4;
   6          sbit EN=P2^5;
   7          sbit A=P2^0;
   8          sbit C=P2^1;
   9          uchar com;
  10          void delay(uint z)
  11          {
  12   1        uint x,y;
  13   1        for(x=z;x>0;x--);
  14   1          for(y=110;y>0;y--);
  15   1      }
  16          void write_com(uchar com)
  17          {
  18   1        RS=0;
  19   1        RW=0;
  20   1        P0=com;
  21   1        delay(5);
  22   1        EN=1;
  23   1        delay(5);
  24   1        EN=0;
  25   1      }
  26          void write_data(char date)
  27          {
  28   1        RS=1;
  29   1        P0=date;
  30   1        delay(5);
  31   1        EN=1;
  32   1        delay(5);
  33   1        EN=0;
  34   1      } 
  35          void init()
  36          {
  37   1        EN=0;
  38   1        write_com(0x38);
  39   1        write_com(0x0e);
  40   1        write_com(0x06);
  41   1        write_com(0x80);
  42   1      }
  43          void main()
  44          {
  45   1        A=1;
  46   1        C=1;
  47   1        init();
  48   1        delay(6);
  49   1        write_data('A');
  50   1        delay(20);
  51   1        while(1);
  52   1      }


MODULE INFORMATION:   STATIC OVERLAYABLE
C51 COMPILER V9.57.0.0   ____7                                                             12/02/2021 14:54:33 PAGE 2   

   CODE SIZE        =    113    ----
   CONSTANT SIZE    =   ----    ----
   XDATA SIZE       =   ----    ----
   PDATA SIZE       =   ----    ----
   DATA SIZE        =      1    ----
   IDATA SIZE       =   ----    ----
   BIT SIZE         =   ----    ----
END OF MODULE INFORMATION.


C51 COMPILATION COMPLETE.  0 WARNING(S),  0 ERROR(S)
